MTEC1003 — LAB 02 (revised revised 2/7/21 —lg)

LAB 2 / PART 2: Working With Files

==========
Follow the instructions line-by-line.

* Type in the commands as is, but ignore the beginning prompt.
* Enter, tab, up and down are represented by <ENTER><TAB>,<UP> and <DOWN>.
* "No output" or "nothing happens" are valid answers to any of the questions.
==========

1a. Go to your home directory.

Write the command that you used to do this below:
----------
$ cd


==========
1b. Prove that you're in your home directory.

Write the command that you used to do this - as well as its output - below :
----------
pwd
output:
/c/Users/three

==========
1c. Create a new directory inside your home directory named after this class. Call it "mtec1003-lab-02".

Write the command that you used to do this:
----------
$ mkdir ~/mtech1003-lab-02


==========

==========
1d. Change into your mtec1003-lab-02 directory.

What command did you use?
----------
$ cd mtech1003-lab-02


==========
2. Create a directory called my_files.
Then, change into your new directory.

What two commands did you use?
----------
$ mkdir ~mtech1003-lab-02/my_files
$ cd my_files


==========
3. Create a new file using touch:

$ touch foo.txt
$ ls

Copy and paste the output below.
----------
foo.txt


==========
4. Create another new file called "bar.txt".

What command did you use?
----------
bar.txt  foo.txt


==========
5. Create a copy of bar.txt called baz.txt, and then list the files again.

Write the commands that you used.
Also, copy and paste the output of your file listing below.
----------
$ cp bar.txt baz.txt
$ ls
bar.txt  baz.txt  foo.txt




==========
6. Delete the file called bar.txt and then list the files again.

Write the command that you used to remove the file.
Copy and paste the output of your file listing below.
----------
$ rm bar.txt
$ ls
baz.txt  foo.txt


==========
7. Move the file called foo.txt to qux.txt and then list the files again.


Write the command that you used to move the file.
Copy and paste the output of your file listing below.
----------
$ mv foo.txt qux.txt
$ ls
baz.txt  qux.txt


==========
8. Go up one directory so that you're back in ~/mtec1003-lab-02. What command did you use?
----------
$ cd ..


==========
9. Try removing the directory called my_files using rmdir.

Write out the command that you used and what happened.
----------
$ rmdir my_files
rmdir: failed to remove 'my_files': Directory not empty


==========
10. Try removing the directory called my_files using rm.

Write out the command that you used and what happened.
----------
$ rm my_files
rm: cannot remove 'my_files': Is a directory

==========
11. First: MAKE SURE YOU'RE IN THE mtec1003-lab-02 directory!
***If you accidentally delete your other files, you'll have to start over!!***

Force the removal of the directory and its files using the -rf flag

Use this command:

$ rm -rf my_files
(options r = recursive; f = skip confirmation)
----------
No output


==========
12. There's a txt file version of a book located in the mtec1003-lab-02 folder.  It is in the following directory if you're in the lab folder:

books/other/pg1232.txt

Use the command called cat on the file to show its contents.

Describe what happened below.
----------
DON'T HAVE BOOK; NO ANSWER


==========
13. That was a lot of text.  Let's find ways to limit it.  Using the same file...

books/other/pg1232.txt

Use the command, head, on the file to show the contents of the beginning of the file.

Write the command that you used below.  Write the last line of the output below (it should be the title).
----------
DON'T HAVE BOOK; NO ANSWER


==========
14. Using the same file again!

books/other/pg1232.txt

Use tail on the file to show the contents of the end of the file.

Write the command that you used below.  Write the last line of the output below.
----------
DON'T HAVE BOOK; NO ANSWER


==========
15. Using the same file...

books/other/pg1232.txt

Use less and more on the file to show the contents of the file.  Try pressing spacebar and/or q afterwards.

Write the command that you used below.  Describe what spacebar and q does after using either less or more.
----------
DON'T HAVE BOOK; NO ANSWER


==========
16. Describe what situations you would use the following commands for viewing files: less, more, cat, tail, head

(Some characteristics that may help your description might be the length of the file, whether or not you'd like to read the whole thing... or just the beginning or end, etc.)
----------
1. Use less/more command if the length of the file is significantly longer than can easily be navigated in the terminal window.

2. Use head when you want to view just the header of the file.

3. Use tail when you want to view just the end of the file.


==========
17.  How many words are in pg1232.txt?  What command did you use to determine the word count?
----------
DON'T HAVE BOOK; NO ANSWER


==========
18.  How many lines are in pg1232.txt?  What command did you use to determine the line count?
----------
DON'T HAVE BOOK; NO ANSWER


==========
19.  Make sure you're in the books/other folder.  Copy all of the txt files from that folder to your home directory using wildcard matching.

Write the command that you used below.
----------
DON'T HAVE BOOK; NO ANSWER


==========
Next: Save this file. Then, using your mouse or a Terminal command that you learned this week, MOVE this file into your "mtec1003-lab-02" folder.

And that's it! Now, go on to LAB 2 / PART 3...
----------
